
R version 4.4.1 (2024-06-14 ucrt) -- "Race for Your Life"
Copyright (C) 2024 The R Foundation for Statistical Computing
Platform: x86_64-w64-mingw32/x64

R is free software and comes with ABSOLUTELY NO WARRANTY.
You are welcome to redistribute it under certain conditions.
Type 'license()' or 'licence()' for distribution details.

  Natural language support but running in an English locale

R is a collaborative project with many contributors.
Type 'contributors()' for more information and
'citation()' on how to cite R or R packages in publications.

Type 'demo()' for some demos, 'help()' for on-line help, or
'help.start()' for an HTML browser interface to help.
Type 'q()' to quit R.

> # Load necessary libraries
> library(ggplot2)
Error in library(ggplot2) : there is no package called ‘ggplot2’
> library(readr)
Error in library(readr) : there is no package called ‘readr’
> library(dplyr)
Error in library(dplyr) : there is no package called ‘dplyr’
> 
> # Step 1: Load the data from the CSV
> file_path <- "path_to_your_csv_file/data_application_energy - data_application_energy.csv"
> data <- read_csv(file_path)
Error in read_csv(file_path) : could not find function "read_csv"
> 
> # Step 2: Parse the 'date' column into datetime
> data$date <- as.POSIXct(data$date, format = "%d-%m-%Y %H:%M", tz = "UTC")
Error in data$date : object of type 'closure' is not subsettable
> 
> # Step 3: Plot appliance energy consumption over time
> ggplot(data, aes(x = date, y = Appliances)) +
+   geom_line(color = "blue") +
+   labs(title = "Appliance Energy Consumption Over Time", 
+        x = "Date", 
+        y = "Energy Consumption (Wh)") +
+   theme_minimal()
Error in ggplot(data, aes(x = date, y = Appliances)) : 
  could not find function "ggplot"
> 
> # Step 4: Calculate basic statistics
> average_consumption <- mean(data$Appliances, na.rm = TRUE)
Error in data$Appliances : object of type 'closure' is not subsettable
> median_consumption <- median(data$Appliances, na.rm = TRUE)
Error in data$Appliances : object of type 'closure' is not subsettable
> total_consumption <- sum(data$Appliances, na.rm = TRUE)
Error in data$Appliances : object of type 'closure' is not subsettable
> 
> # Print the statistics
> cat("Average Energy Consumption of Appliances:", round(average_consumption, 2), "Wh\n")
Error: object 'average_consumption' not found
> cat("Median Energy Consumption of Appliances:", round(median_consumption, 2), "Wh\n")
Error: object 'median_consumption' not found
> cat("Total Energy Consumption of Appliances:", round(total_consumption, 2), "Wh\n")
Error: object 'total_consumption' not found
> install.packages(c("ggplot2", "readr", "dplyr"))
Installing packages into ‘C:/Users/Aniket/AppData/Local/R/win-library/4.4’
(as ‘lib’ is unspecified)
--- Please select a CRAN mirror for use in this session ---
also installing the dependencies ‘colorspace’, ‘bit’, ‘prettyunits’, ‘farver’, ‘labeling’, ‘munsell’, ‘RColorBrewer’, ‘viridisLite’, ‘fansi’, ‘pkgconfig’, ‘bit64’, ‘progress’, ‘utf8’, ‘cli’, ‘glue’, ‘gtable’, ‘isoband’, ‘lifecycle’, ‘rlang’, ‘scales’, ‘tibble’, ‘vctrs’, ‘withr’, ‘clipr’, ‘crayon’, ‘hms’, ‘R6’, ‘vroom’, ‘cpp11’, ‘tzdb’, ‘generics’, ‘magrittr’, ‘pillar’, ‘tidyselect’

trying URL 'https://cloud.r-project.org/bin/windows/contrib/4.4/colorspace_2.1-1.zip'
Content type 'application/zip' length 2665660 bytes (2.5 MB)
downloaded 2.5 MB

trying URL 'https://cloud.r-project.org/bin/windows/contrib/4.4/bit_4.0.5.zip'
Content type 'application/zip' length 1148513 bytes (1.1 MB)
downloaded 1.1 MB

trying URL 'https://cloud.r-project.org/bin/windows/contrib/4.4/prettyunits_1.2.0.zip'
Content type 'application/zip' length 155322 bytes (151 KB)
downloaded 151 KB

trying URL 'https://cloud.r-project.org/bin/windows/contrib/4.4/farver_2.1.2.zip'
Content type 'application/zip' length 1519406 bytes (1.4 MB)
downloaded 1.4 MB

trying URL 'https://cloud.r-project.org/bin/windows/contrib/4.4/labeling_0.4.3.zip'
Content type 'application/zip' length 63169 bytes (61 KB)
downloaded 61 KB

trying URL 'https://cloud.r-project.org/bin/windows/contrib/4.4/munsell_0.5.1.zip'
Content type 'application/zip' length 244466 bytes (238 KB)
downloaded 238 KB

trying URL 'https://cloud.r-project.org/bin/windows/contrib/4.4/RColorBrewer_1.1-3.zip'
Content type 'application/zip' length 54471 bytes (53 KB)
downloaded 53 KB

trying URL 'https://cloud.r-project.org/bin/windows/contrib/4.4/viridisLite_0.4.2.zip'
Content type 'application/zip' length 1300829 bytes (1.2 MB)
downloaded 1.2 MB

trying URL 'https://cloud.r-project.org/bin/windows/contrib/4.4/fansi_1.0.6.zip'
Content type 'application/zip' length 322889 bytes (315 KB)
downloaded 315 KB

trying URL 'https://cloud.r-project.org/bin/windows/contrib/4.4/pkgconfig_2.0.3.zip'
Content type 'application/zip' length 22819 bytes (22 KB)
downloaded 22 KB

trying URL 'https://cloud.r-project.org/bin/windows/contrib/4.4/bit64_4.0.5.zip'
Content type 'application/zip' length 504401 bytes (492 KB)
downloaded 492 KB

trying URL 'https://cloud.r-project.org/bin/windows/contrib/4.4/progress_1.2.3.zip'
Content type 'application/zip' length 88597 bytes (86 KB)
downloaded 86 KB

trying URL 'https://cloud.r-project.org/bin/windows/contrib/4.4/utf8_1.2.4.zip'
Content type 'application/zip' length 150970 bytes (147 KB)
downloaded 147 KB

trying URL 'https://cloud.r-project.org/bin/windows/contrib/4.4/cli_3.6.3.zip'
Content type 'application/zip' length 1363219 bytes (1.3 MB)
downloaded 1.3 MB

trying URL 'https://cloud.r-project.org/bin/windows/contrib/4.4/glue_1.7.0.zip'
Content type 'application/zip' length 163528 bytes (159 KB)
downloaded 159 KB

trying URL 'https://cloud.r-project.org/bin/windows/contrib/4.4/gtable_0.3.5.zip'
Content type 'application/zip' length 227452 bytes (222 KB)
downloaded 222 KB

trying URL 'https://cloud.r-project.org/bin/windows/contrib/4.4/isoband_0.2.7.zip'
Content type 'application/zip' length 1929188 bytes (1.8 MB)
downloaded 1.8 MB

trying URL 'https://cloud.r-project.org/bin/windows/contrib/4.4/lifecycle_1.0.4.zip'
Content type 'application/zip' length 141048 bytes (137 KB)
downloaded 137 KB

trying URL 'https://cloud.r-project.org/bin/windows/contrib/4.4/rlang_1.1.4.zip'
Content type 'application/zip' length 1621237 bytes (1.5 MB)
downloaded 1.5 MB

trying URL 'https://cloud.r-project.org/bin/windows/contrib/4.4/scales_1.3.0.zip'
Content type 'application/zip' length 715823 bytes (699 KB)
downloaded 699 KB

trying URL 'https://cloud.r-project.org/bin/windows/contrib/4.4/tibble_3.2.1.zip'
Content type 'application/zip' length 695439 bytes (679 KB)
downloaded 679 KB

trying URL 'https://cloud.r-project.org/bin/windows/contrib/4.4/vctrs_0.6.5.zip'
Content type 'application/zip' length 1359859 bytes (1.3 MB)
downloaded 1.3 MB

trying URL 'https://cloud.r-project.org/bin/windows/contrib/4.4/withr_3.0.1.zip'
Content type 'application/zip' length 230854 bytes (225 KB)
downloaded 225 KB

trying URL 'https://cloud.r-project.org/bin/windows/contrib/4.4/clipr_0.8.0.zip'
Content type 'application/zip' length 55550 bytes (54 KB)
downloaded 54 KB

trying URL 'https://cloud.r-project.org/bin/windows/contrib/4.4/crayon_1.5.3.zip'
Content type 'application/zip' length 165331 bytes (161 KB)
downloaded 161 KB

trying URL 'https://cloud.r-project.org/bin/windows/contrib/4.4/hms_1.1.3.zip'
Content type 'application/zip' length 105562 bytes (103 KB)
downloaded 103 KB

trying URL 'https://cloud.r-project.org/bin/windows/contrib/4.4/R6_2.5.1.zip'
Content type 'application/zip' length 85005 bytes (83 KB)
downloaded 83 KB

trying URL 'https://cloud.r-project.org/bin/windows/contrib/4.4/vroom_1.6.5.zip'
Content type 'application/zip' length 1343083 bytes (1.3 MB)
downloaded 1.3 MB

trying URL 'https://cloud.r-project.org/bin/windows/contrib/4.4/cpp11_0.5.0.zip'
Content type 'application/zip' length 294303 bytes (287 KB)
downloaded 287 KB

trying URL 'https://cloud.r-project.org/bin/windows/contrib/4.4/tzdb_0.4.0.zip'
Content type 'application/zip' length 1016520 bytes (992 KB)
downloaded 992 KB

trying URL 'https://cloud.r-project.org/bin/windows/contrib/4.4/generics_0.1.3.zip'
Content type 'application/zip' length 83367 bytes (81 KB)
downloaded 81 KB

trying URL 'https://cloud.r-project.org/bin/windows/contrib/4.4/magrittr_2.0.3.zip'
Content type 'application/zip' length 229543 bytes (224 KB)
downloaded 224 KB

trying URL 'https://cloud.r-project.org/bin/windows/contrib/4.4/pillar_1.9.0.zip'
Content type 'application/zip' length 662737 bytes (647 KB)
downloaded 647 KB

trying URL 'https://cloud.r-project.org/bin/windows/contrib/4.4/tidyselect_1.2.1.zip'
Content type 'application/zip' length 228095 bytes (222 KB)
downloaded 222 KB

trying URL 'https://cloud.r-project.org/bin/windows/contrib/4.4/ggplot2_3.5.1.zip'
Content type 'application/zip' length 5010672 bytes (4.8 MB)
downloaded 4.8 MB

trying URL 'https://cloud.r-project.org/bin/windows/contrib/4.4/readr_2.1.5.zip'
Content type 'application/zip' length 1205582 bytes (1.1 MB)
downloaded 1.1 MB

trying URL 'https://cloud.r-project.org/bin/windows/contrib/4.4/dplyr_1.1.4.zip'
Content type 'application/zip' length 1582770 bytes (1.5 MB)
downloaded 1.5 MB

package ‘colorspace’ successfully unpacked and MD5 sums checked
package ‘bit’ successfully unpacked and MD5 sums checked
package ‘prettyunits’ successfully unpacked and MD5 sums checked
package ‘farver’ successfully unpacked and MD5 sums checked
package ‘labeling’ successfully unpacked and MD5 sums checked
package ‘munsell’ successfully unpacked and MD5 sums checked
package ‘RColorBrewer’ successfully unpacked and MD5 sums checked
package ‘viridisLite’ successfully unpacked and MD5 sums checked
package ‘fansi’ successfully unpacked and MD5 sums checked
package ‘pkgconfig’ successfully unpacked and MD5 sums checked
package ‘bit64’ successfully unpacked and MD5 sums checked
package ‘progress’ successfully unpacked and MD5 sums checked
package ‘utf8’ successfully unpacked and MD5 sums checked
package ‘cli’ successfully unpacked and MD5 sums checked
package ‘glue’ successfully unpacked and MD5 sums checked
package ‘gtable’ successfully unpacked and MD5 sums checked
package ‘isoband’ successfully unpacked and MD5 sums checked
package ‘lifecycle’ successfully unpacked and MD5 sums checked
package ‘rlang’ successfully unpacked and MD5 sums checked
package ‘scales’ successfully unpacked and MD5 sums checked
package ‘tibble’ successfully unpacked and MD5 sums checked
package ‘vctrs’ successfully unpacked and MD5 sums checked
package ‘withr’ successfully unpacked and MD5 sums checked
package ‘clipr’ successfully unpacked and MD5 sums checked
package ‘crayon’ successfully unpacked and MD5 sums checked
package ‘hms’ successfully unpacked and MD5 sums checked
package ‘R6’ successfully unpacked and MD5 sums checked
package ‘vroom’ successfully unpacked and MD5 sums checked
package ‘cpp11’ successfully unpacked and MD5 sums checked
package ‘tzdb’ successfully unpacked and MD5 sums checked
package ‘generics’ successfully unpacked and MD5 sums checked
package ‘magrittr’ successfully unpacked and MD5 sums checked
package ‘pillar’ successfully unpacked and MD5 sums checked
package ‘tidyselect’ successfully unpacked and MD5 sums checked
package ‘ggplot2’ successfully unpacked and MD5 sums checked
package ‘readr’ successfully unpacked and MD5 sums checked
package ‘dplyr’ successfully unpacked and MD5 sums checked

The downloaded binary packages are in
        C:\Users\Aniket\AppData\Local\Temp\RtmpULAKmT\downloaded_packages
> # Load necessary libraries
> library(ggplot2)
> library(readr)
> library(dplyr)

Attaching package: ‘dplyr’

The following objects are masked from ‘package:stats’:

    filter, lag

The following objects are masked from ‘package:base’:

    intersect, setdiff, setequal, union

> 
> # Step 1: Load the data from the CSV
> file_path <- "path_to_your_csv_file/data_application_energy - data_application_energy.csv"
> data <- read_csv(file_path)
Error: 'path_to_your_csv_file/data_application_energy - data_application_energy.csv' does not exist in current working directory ('C:/Users/Aniket/Documents').
> 
> # Step 2: Parse the 'date' column into datetime
> data$date <- as.POSIXct(data$date, format = "%d-%m-%Y %H:%M", tz = "UTC")
Error in data$date : object of type 'closure' is not subsettable
> 
> # Step 3: Plot appliance energy consumption over time
> ggplot(data, aes(x = date, y = Appliances)) +
+   geom_line(color = "blue") +
+   labs(title = "Appliance Energy Consumption Over Time", 
+        x = "Date", 
+        y = "Energy Consumption (Wh)") +
+   theme_minimal()
Error in `ggplot()`:
! `data` cannot be a function.
ℹ Have you misspelled the `data` argument in `ggplot()`
Run `rlang::last_trace()` to see where the error occurred.
> 
> # Step 4: Calculate basic statistics
> average_consumption <- mean(data$Appliances, na.rm = TRUE)
Error in data$Appliances : object of type 'closure' is not subsettable
> median_consumption <- median(data$Appliances, na.rm = TRUE)
Error in data$Appliances : object of type 'closure' is not subsettable
> total_consumption <- sum(data$Appliances, na.rm = TRUE)
Error in data$Appliances : object of type 'closure' is not subsettable
> 
> # Print the statistics
> cat("Average Energy Consumption of Appliances:", round(average_consumption, 2), "Wh\n")
Error: object 'average_consumption' not found
> cat("Median Energy Consumption of Appliances:", round(median_consumption, 2), "Wh\n")
Error: object 'median_consumption' not found
> cat("Total Energy Consumption of Appliances:", round(total_consumption, 2), "Wh\n")
Error: object 'total_consumption' not found
> 
> library(ggplot2)
> library(readr)
> library(dplyr)
> 
> # Step 1: Load the data from the CSV
> file_path <- "path_to_your_csv_file/data_application_energy - data_application_energy.csv"
> data <- read_csv(file_path)
Error: 'path_to_your_csv_file/data_application_energy - data_application_energy.csv' does not exist in current working directory ('C:/Users/Aniket/Documents').
> 
> # Step 2: Parse the 'date' column into datetime
> data$date <- as.POSIXct(data$date, format = "%d-%m-%Y %H:%M", tz = "UTC")
Error in data$date : object of type 'closure' is not subsettable
> 
> # Step 3: Plot appliance energy consumption over time
> ggplot(data, aes(x = date, y = Appliances)) +
+   geom_line(color = "blue") +
+   labs(title = "Appliance Energy Consumption Over Time", 
+        x = "Date", 
+        y = "Energy Consumption (Wh)") +
+   theme_minimal()
Error in `ggplot()`:
! `data` cannot be a function.
ℹ Have you misspelled the `data` argument in `ggplot()`
Run `rlang::last_trace()` to see where the error occurred.
> 
> # Step 4: Calculate basic statistics
> average_consumption <- mean(data$Appliances, na.rm = TRUE)
Error in data$Appliances : object of type 'closure' is not subsettable
> median_consumption <- median(data$Appliances, na.rm = TRUE)
Error in data$Appliances : object of type 'closure' is not subsettable
> total_consumption <- sum(data$Appliances, na.rm = TRUE)
Error in data$Appliances : object of type 'closure' is not subsettable
> 
> # Print the statistics
> cat("Average Energy Consumption of Appliances:", round(average_consumption, 2), "Wh\n")
Error: object 'average_consumption' not found
> cat("Median Energy Consumption of Appliances:", round(median_consumption, 2), "Wh\n")
Error: object 'median_consumption' not found
> cat("Total Energy Consumption of Appliances:", round(total_consumption, 2), "Wh\n")
